#-----------------------------------------------------------
# Vivado v2021.2 (64-bit)
# SW Build 3367213 on Tue Oct 19 02:48:09 MDT 2021
# IP Build 3369179 on Thu Oct 21 08:25:16 MDT 2021
# Start of session at: Tue Jan  4 21:03:48 2022
# Process ID: 31108
# Current directory: F:/IDE/Vivado/HardwareDesign/step_into_mips-lab_4/lab_4/lab_4
# Command line: vivado.exe -gui_launcher_event rodinguilauncherevent35456 F:\IDE\Vivado\HardwareDesign\step_into_mips-lab_4\lab_4\lab_4\lab_4.xpr
# Log file: F:/IDE/Vivado/HardwareDesign/step_into_mips-lab_4/lab_4/lab_4/vivado.log
# Journal file: F:/IDE/Vivado/HardwareDesign/step_into_mips-lab_4/lab_4/lab_4\vivado.jou
# Running On: LAPTOP-OUBT5GAU, OS: Windows, CPU Frequency: 3294 MHz, CPU Physical cores: 16, Host memory: 16542 MB
#-----------------------------------------------------------
start_guioopen_project F:/IDE/Vivado/HardwareDesign/step_into_mips-lab_4/lab_4/lab_4/lab_4.xpruupdate_compile_order -fileset sources_1update_compile_order -fileset sources_1
update_compile_order -fileset sources_1
 to be set without GUI intervention.
set_property source_mgmt_mode None [current_project]
set_property top fake_top [current_fileset]
# Re-enabling previously disabled source management mode.
set_property source_mgmt_mode All [current_project]
update_compile_order -fileset sources_1
launch_simulation
source testbench.tcl
current_wave_config {Untitled 1}
add_wave {{/testbench/dut/imem/inst/douta}} 
current_wave_config {Untitled 1}
add_wave {{/testbench/dut/imem/inst/doutb}} 
relaunch_sim
relaunch_sim
relaunch_sim
relaunch_sim
relaunch_sim
current_wave_config {Untitled 3}
add_wave {{/testbench/dut/imem/inst/addra}} 
current_wave_config {Untitled 3}
add_wave {{/testbench/dut/imem/inst/addrb}} 
relaunch_sim
relaunch_sim
relaunch_sim
relaunch_sim
relaunch_sim
close_sim
launch_simulation
source testbench.tcl
current_wave_config {Untitled 4}
add_wave {{/testbench/dut/dmem/inst/addra}} 
current_wave_config {Untitled 4}
add_wave {{/testbench/dut/dmem/inst/addrb}} 
current_wave_config {Untitled 4}
add_wave {{/testbench/dut/dmem/inst/douta}} 
current_wave_config {Untitled 4}
add_wave {{/testbench/dut/dmem/inst/doutb}} 
relaunch_sim
current_wave_config {Untitled 4}
add_wave {{/testbench/dut/imem/addra}} 
current_wave_config {Untitled 4}
add_wave {{/testbench/dut/imem/douta}} 
current_wave_config {Untitled 4}
add_wave {{/testbench/dut/imem/addrb}} 
current_wave_config {Untitled 4}
add_wave {{/testbench/dut/imem/doutb}} 
relaunch_sim
close [ open F:/IDE/Vivado/HardwareDesign/step_into_mips-lab_4/lab_4/rtl/dual/forwarding.sv w ]
add_files F:/IDE/Vivado/HardwareDesign/step_into_mips-lab_4/lab_4/rtl/dual/forwarding.sv
update_compile_order -fileset sources_1
update_compile_order -fileset sources_1
update_compile_order -fileset sources_1
close_sim
